[debug] [2026-03-14T06:31:36.239Z] ----------------------------------------------------------------------
[debug] [2026-03-14T06:31:36.241Z] Command:       C:\Program Files\nodejs\node.exe C:\Users\Glooms\AppData\Roaming\npm\node_modules\firebase-tools\lib\bin\firebase.js init
[debug] [2026-03-14T06:31:36.241Z] CLI Version:   15.10.0
[debug] [2026-03-14T06:31:36.241Z] Platform:      win32
[debug] [2026-03-14T06:31:36.241Z] Node Version:  v24.11.1
[debug] [2026-03-14T06:31:36.241Z] Time:          Sat Mar 14 2026 13:31:36 GMT+0700 (Western Indonesia Time)
[debug] [2026-03-14T06:31:36.241Z] ----------------------------------------------------------------------
[debug] 
[info] 
     ######## #### ########  ######## ########     ###     ######  ########
     ##        ##  ##     ## ##       ##     ##  ##   ##  ##       ##
     ######    ##  ########  ######   ########  #########  ######  ######
     ##        ##  ##    ##  ##       ##     ## ##     ##       ## ##
     ##       #### ##     ## ######## ########  ##     ##  ######  ########

You're about to initialize a Firebase project in this directory:

  C:\Users\Glooms\Downloads\JKJK2\my-app

[debug] [2026-03-14T06:33:57.327Z] ----------------------------------------------------------------------
[debug] [2026-03-14T06:33:57.329Z] Command:       C:\Program Files\nodejs\node.exe C:\Users\Glooms\AppData\Roaming\npm\node_modules\firebase-tools\lib\bin\firebase.js init
[debug] [2026-03-14T06:33:57.329Z] CLI Version:   15.10.0
[debug] [2026-03-14T06:33:57.330Z] Platform:      win32
[debug] [2026-03-14T06:33:57.330Z] Node Version:  v24.11.1
[debug] [2026-03-14T06:33:57.330Z] Time:          Sat Mar 14 2026 13:33:57 GMT+0700 (Western Indonesia Time)
[debug] [2026-03-14T06:33:57.330Z] ----------------------------------------------------------------------
[debug] 
[info] 
     ######## #### ########  ######## ########     ###     ######  ########
     ##        ##  ##     ## ##       ##     ##  ##   ##  ##       ##
     ######    ##  ########  ######   ########  #########  ######  ######
     ##        ##  ##    ##  ##       ##     ## ##     ##       ## ##
     ##       #### ##     ## ######## ########  ##     ##  ######  ########

You're about to initialize a Firebase project in this directory:

  C:\Users\Glooms\Downloads\JKJK2\my-app

[debug] [2026-03-14T06:34:29.627Z] ExitPromptError: User force closed the prompt with SIGINT
    at Interface.sigint (C:\Users\Glooms\AppData\Roaming\npm\node_modules\firebase-tools\node_modules\@inquirer\core\dist\commonjs\lib\create-prompt.js:101:37)
    at Interface.emit (node:events:508:28)
    at [_ttyWrite] [as _ttyWrite] (node:internal/readline/interface:1317:18)
    at ReadStream.onkeypress (node:internal/readline/interface:284:20)
    at ReadStream.emit (node:events:520:35)
    at emitKeys (node:internal/readline/utils:371:14)
    at emitKeys.next (<anonymous>)
    at ReadStream.onData (node:internal/readline/emitKeypressEvents:64:36)
    at ReadStream.emit (node:events:508:28)
    at addChunk (node:internal/streams/readable:559:12)
[error] 
[error] Error: An unexpected error has occurred.
